2026-01-13 23:19:18 - taira.data - INFO - Loading data from C:\Users\User\Desktop\traffic_ai_project\traffic_ai_project\data\traffic_accidents.csv
2026-01-13 23:19:19 - taira.data - INFO - Loaded 209306 records with 24 columns
2026-01-13 23:19:19 - taira.data - INFO - Starting data cleaning: 209306 records
2026-01-13 23:19:19 - taira.data - INFO - Data cleaning complete: 165977 records retained (43329 removed, 79.3% retention rate)
2026-01-13 23:19:20 - taira.app - INFO - Training new model...
2026-01-13 23:19:20 - taira.model - INFO - Starting model training: svm
2026-01-13 23:19:20 - taira.model - INFO - Training svm model on 132781 samples...
2026-01-13 23:19:30 - taira.model - INFO - Generating predictions on test set...
2026-01-13 23:19:30 - taira.model - INFO - Model trained successfully: Accuracy=0.7487, F1=0.6680
2026-01-13 23:19:30 - taira.model - INFO - Model saved to C:\Users\User\Desktop\traffic_ai_project\traffic_ai_project\models\svm_model.pkl (version 1.0.0)
2026-01-13 23:19:30 - taira.app - INFO - Model saved successfully
2026-01-13 23:19:30 - taira.agent - INFO - TrafficAccidentAgent initialized
2026-01-13 23:20:11 - taira.agent - INFO - Prediction: {'timestamp': '2026-01-13T23:20:11.256148', 'prediction': 'NO INDICATION OF INJURY', 'risk_level': 'LOW', 'features': {'traffic_control_device': 'TRAFFIC SIGNAL', 'weather_condition': 'CLEAR', 'lighting_condition': 'DAYLIGHT', 'roadway_surface_cond': 'DRY', 'trafficway_type': 'ALLEY', 'alignment': 'CURVE ON GRADE', 'road_defect': 'DEBRIS ON ROADWAY', 'intersection_related_i': 'N', 'prim_contributory_cause': 'UNABLE TO DETERMINE', 'crash_type': 'NO INDICATION'}}
2026-01-13 23:20:11 - taira.agent - INFO - Prediction completed: NO INDICATION OF INJURY -> LOW
2026-01-13 23:20:11 - taira.agent - INFO - Prediction: {'timestamp': '2026-01-13T23:20:11.776719', 'prediction': 'NO INDICATION OF INJURY', 'risk_level': 'LOW', 'features': {'traffic_control_device': 'TRAFFIC SIGNAL', 'weather_condition': 'CLEAR', 'lighting_condition': 'DAYLIGHT', 'roadway_surface_cond': 'DRY', 'trafficway_type': 'ALLEY', 'alignment': 'CURVE ON GRADE', 'road_defect': 'DEBRIS ON ROADWAY', 'intersection_related_i': 'N', 'prim_contributory_cause': 'UNABLE TO DETERMINE', 'crash_type': 'NO INDICATION'}}
2026-01-13 23:20:11 - taira.agent - INFO - Prediction completed: NO INDICATION OF INJURY -> LOW
2026-01-13 23:20:15 - taira.agent - INFO - Prediction: {'timestamp': '2026-01-13T23:20:15.800544', 'prediction': 'NO INDICATION OF INJURY', 'risk_level': 'LOW', 'features': {'traffic_control_device': 'TRAFFIC SIGNAL', 'weather_condition': 'CLEAR', 'lighting_condition': 'DARKNESS, LIGHTED ROAD', 'roadway_surface_cond': 'DRY', 'trafficway_type': 'ALLEY', 'alignment': 'CURVE ON GRADE', 'road_defect': 'DEBRIS ON ROADWAY', 'intersection_related_i': 'N', 'prim_contributory_cause': 'UNABLE TO DETERMINE', 'crash_type': 'NO INDICATION'}}
2026-01-13 23:20:15 - taira.agent - INFO - Prediction completed: NO INDICATION OF INJURY -> LOW
2026-01-13 23:20:18 - taira.agent - INFO - Prediction: {'timestamp': '2026-01-13T23:20:18.191133', 'prediction': 'NO INDICATION OF INJURY', 'risk_level': 'LOW', 'features': {'traffic_control_device': 'TRAFFIC SIGNAL', 'weather_condition': 'CLEAR', 'lighting_condition': 'DARKNESS, LIGHTED ROAD', 'roadway_surface_cond': 'DRY', 'trafficway_type': 'ALLEY', 'alignment': 'CURVE ON GRADE', 'road_defect': 'DEBRIS ON ROADWAY', 'intersection_related_i': 'N', 'prim_contributory_cause': 'UNABLE TO DETERMINE', 'crash_type': 'NO INDICATION'}}
2026-01-13 23:20:18 - taira.agent - INFO - Prediction completed: NO INDICATION OF INJURY -> LOW
2026-01-13 23:20:20 - taira.agent - INFO - Prediction: {'timestamp': '2026-01-13T23:20:20.386368', 'prediction': 'NO INDICATION OF INJURY', 'risk_level': 'MEDIUM', 'features': {'traffic_control_device': 'TRAFFIC SIGNAL', 'weather_condition': 'CLEAR', 'lighting_condition': 'DARKNESS, LIGHTED ROAD', 'roadway_surface_cond': 'SAND, MUD, DIRT', 'trafficway_type': 'ALLEY', 'alignment': 'CURVE ON GRADE', 'road_defect': 'DEBRIS ON ROADWAY', 'intersection_related_i': 'N', 'prim_contributory_cause': 'UNABLE TO DETERMINE', 'crash_type': 'NO INDICATION'}}
2026-01-13 23:20:20 - taira.agent - INFO - Prediction completed: NO INDICATION OF INJURY -> MEDIUM
2026-01-13 23:20:25 - taira.agent - INFO - Prediction: {'timestamp': '2026-01-13T23:20:25.892302', 'prediction': 'NO INDICATION OF INJURY', 'risk_level': 'LOW', 'features': {'traffic_control_device': 'TRAFFIC SIGNAL', 'weather_condition': 'CLEAR', 'lighting_condition': 'DARKNESS, LIGHTED ROAD', 'roadway_surface_cond': 'SAND, MUD, DIRT', 'trafficway_type': 'ALLEY', 'alignment': 'CURVE ON GRADE', 'road_defect': 'NO DEFECTS', 'intersection_related_i': 'N', 'prim_contributory_cause': 'UNABLE TO DETERMINE', 'crash_type': 'NO INDICATION'}}
2026-01-13 23:20:25 - taira.agent - INFO - Prediction completed: NO INDICATION OF INJURY -> LOW
2026-01-13 23:20:30 - taira.agent - INFO - Prediction: {'timestamp': '2026-01-13T23:20:30.660170', 'prediction': 'NO INDICATION OF INJURY', 'risk_level': 'MEDIUM', 'features': {'traffic_control_device': 'TRAFFIC SIGNAL', 'weather_condition': 'RAIN', 'lighting_condition': 'DARKNESS, LIGHTED ROAD', 'roadway_surface_cond': 'SAND, MUD, DIRT', 'trafficway_type': 'ALLEY', 'alignment': 'CURVE ON GRADE', 'road_defect': 'NO DEFECTS', 'intersection_related_i': 'N', 'prim_contributory_cause': 'UNABLE TO DETERMINE', 'crash_type': 'NO INDICATION'}}
2026-01-13 23:20:30 - taira.agent - INFO - Prediction completed: NO INDICATION OF INJURY -> MEDIUM
2026-01-13 23:20:34 - taira.logic - WARNING - CRITICAL risk assessment | Prediction: INCAPACITATING INJURY | Score: 4.00 | Conditions: 2
2026-01-13 23:20:34 - taira.agent - INFO - Prediction: {'timestamp': '2026-01-13T23:20:34.737160', 'prediction': 'NO INDICATION OF INJURY', 'risk_level': 'CRITICAL', 'features': {'traffic_control_device': 'TRAFFIC SIGNAL', 'weather_condition': 'RAIN', 'lighting_condition': 'DARKNESS, LIGHTED ROAD', 'roadway_surface_cond': 'ICE', 'trafficway_type': 'ALLEY', 'alignment': 'CURVE ON GRADE', 'road_defect': 'NO DEFECTS', 'intersection_related_i': 'N', 'prim_contributory_cause': 'UNABLE TO DETERMINE', 'crash_type': 'NO INDICATION'}}
2026-01-13 23:20:34 - taira.agent - WARNING - CRITICAL RISK ASSESSMENT | Prediction: NO INDICATION OF INJURY | Weather: RAIN | Lighting: DARKNESS, LIGHTED ROAD | Surface: ICE | Explanation: Dangerous conditions present: likely minor injury. Precipitation (RAIN) reduces traction and visibility. Precipitation (RAIN) with slippery road surface. Icy/slush road surface (ICE) reduces traction significantly. Curve/grade with ice/slush: higher run-off/slide risk. CRITICAL risk level: elevating injury prediction to at least incapacitating.
2026-01-13 23:20:34 - taira.agent - INFO - Prediction completed: NO INDICATION OF INJURY -> CRITICAL
2026-01-13 23:20:38 - taira.agent - INFO - Prediction: {'timestamp': '2026-01-13T23:20:38.823665', 'prediction': 'NO INDICATION OF INJURY', 'risk_level': 'HIGH', 'features': {'traffic_control_device': 'TRAFFIC SIGNAL', 'weather_condition': 'RAIN', 'lighting_condition': 'DARKNESS, LIGHTED ROAD', 'roadway_surface_cond': 'WET', 'trafficway_type': 'ALLEY', 'alignment': 'CURVE ON GRADE', 'road_defect': 'NO DEFECTS', 'intersection_related_i': 'N', 'prim_contributory_cause': 'UNABLE TO DETERMINE', 'crash_type': 'NO INDICATION'}}
2026-01-13 23:20:38 - taira.agent - INFO - Prediction completed: NO INDICATION OF INJURY -> HIGH
2026-01-13 23:20:41 - taira.agent - INFO - Prediction: {'timestamp': '2026-01-13T23:20:41.861222', 'prediction': 'NO INDICATION OF INJURY', 'risk_level': 'LOW', 'features': {'traffic_control_device': 'TRAFFIC SIGNAL', 'weather_condition': 'CLEAR', 'lighting_condition': 'DARKNESS, LIGHTED ROAD', 'roadway_surface_cond': 'WET', 'trafficway_type': 'ALLEY', 'alignment': 'CURVE ON GRADE', 'road_defect': 'NO DEFECTS', 'intersection_related_i': 'N', 'prim_contributory_cause': 'UNABLE TO DETERMINE', 'crash_type': 'NO INDICATION'}}
2026-01-13 23:20:41 - taira.agent - INFO - Prediction completed: NO INDICATION OF INJURY -> LOW
2026-01-13 23:20:48 - taira.agent - INFO - Prediction: {'timestamp': '2026-01-13T23:20:48.423835', 'prediction': 'NO INDICATION OF INJURY', 'risk_level': 'MEDIUM', 'features': {'traffic_control_device': 'TRAFFIC SIGNAL', 'weather_condition': 'CLEAR', 'lighting_condition': 'DARKNESS, LIGHTED ROAD', 'roadway_surface_cond': 'WET', 'trafficway_type': 'ALLEY', 'alignment': 'CURVE ON GRADE', 'road_defect': 'DEBRIS ON ROADWAY', 'intersection_related_i': 'N', 'prim_contributory_cause': 'UNABLE TO DETERMINE', 'crash_type': 'NO INDICATION'}}
2026-01-13 23:20:48 - taira.agent - INFO - Prediction completed: NO INDICATION OF INJURY -> MEDIUM
2026-01-13 23:20:51 - taira.agent - INFO - Prediction: {'timestamp': '2026-01-13T23:20:51.259477', 'prediction': 'NO INDICATION OF INJURY', 'risk_level': 'HIGH', 'features': {'traffic_control_device': 'TRAFFIC SIGNAL', 'weather_condition': 'CLEAR', 'lighting_condition': 'DARKNESS, LIGHTED ROAD', 'roadway_surface_cond': 'SNOW OR SLUSH', 'trafficway_type': 'ALLEY', 'alignment': 'CURVE ON GRADE', 'road_defect': 'DEBRIS ON ROADWAY', 'intersection_related_i': 'N', 'prim_contributory_cause': 'UNABLE TO DETERMINE', 'crash_type': 'NO INDICATION'}}
2026-01-13 23:20:51 - taira.agent - INFO - Prediction completed: NO INDICATION OF INJURY -> HIGH
2026-01-13 23:20:54 - taira.agent - INFO - Prediction: {'timestamp': '2026-01-13T23:20:54.671580', 'prediction': 'NO INDICATION OF INJURY', 'risk_level': 'LOW', 'features': {'traffic_control_device': 'TRAFFIC SIGNAL', 'weather_condition': 'CLEAR', 'lighting_condition': 'DARKNESS, LIGHTED ROAD', 'roadway_surface_cond': 'DRY', 'trafficway_type': 'ALLEY', 'alignment': 'CURVE ON GRADE', 'road_defect': 'DEBRIS ON ROADWAY', 'intersection_related_i': 'N', 'prim_contributory_cause': 'UNABLE TO DETERMINE', 'crash_type': 'NO INDICATION'}}
2026-01-13 23:20:54 - taira.agent - INFO - Prediction completed: NO INDICATION OF INJURY -> LOW
2026-01-13 23:40:47 - taira.agent - INFO - Prediction: {'timestamp': '2026-01-13T23:40:47.302911', 'prediction': 'NO INDICATION OF INJURY', 'risk_level': 'LOW', 'features': {'traffic_control_device': 'TRAFFIC SIGNAL', 'weather_condition': 'CLEAR', 'lighting_condition': 'DAYLIGHT', 'roadway_surface_cond': 'DRY', 'trafficway_type': 'ALLEY', 'alignment': 'CURVE ON GRADE', 'road_defect': 'DEBRIS ON ROADWAY', 'intersection_related_i': 'N', 'prim_contributory_cause': 'UNABLE TO DETERMINE', 'crash_type': 'NO INDICATION'}}
2026-01-13 23:40:47 - taira.agent - INFO - Prediction completed: NO INDICATION OF INJURY -> LOW
